HI-TECH Software C Compiler 

Linker command line:

--edf=C:\Program Files (x86)\HI-TECH Software\PICC\9.82\dat\en_msgs.txt -cs \
  -h+C_PuertoSerial_usar.sym -z -Q16F887 -ol.obj -MC_PuertoSerial_usar.map \
  -E1 -ACONST=00h-0FFhx32 -ACODE=00h-07FFhx4 -ASTRCODE=00h-01FFFh \
  -AENTRY=00h-0FFhx32 -ASTRING=00h-0FFhx32 -ABANK0=020h-06Fh \
  -ABANK1=0A0h-0EFh -ABANK2=0110h-016Fh -ABANK3=0190h-01EFh \
  -ARAM=020h-06Fh,0A0h-0EFh,0110h-016Fh,0190h-01EFh \
  -AABS1=020h-07Fh,0A0h-0EFh,0110h-016Fh,0190h-01EFh -ACOMMON=070h-07Fh \
  -ASFR0=00h-01Fh -ASFR1=080h-09Fh -ASFR2=0100h-010Fh -ASFR3=0180h-018Fh \
  -preset_vec=00h,intentry,init,end_init -ppowerup=CODE -pfunctab=CODE \
  -ACONFIG=02007h-02008h -pconfig=CONFIG -DCONFIG=2 -AIDLOC=02000h-02003h \
  -pidloc=IDLOC -DIDLOC=2 -AEEDATA=00h-0FFh/02100h -peeprom_data=EEDATA \
  -DEEDATA=2 -DCODE=2 -DSTRCODE=2 -DSTRING=2 -DCONST=2 -DENTRY=2 -k \
  startup.obj C_PuertoSerial_usar.obj 

Object code version is 3.10

Machine type is 16F887



                Name                               Link     Load   Length Selector   Space Scale
startup.obj     end_init                              0        0        3        0       0
C_PuertoSerial_usar.obj
                config                             2007     2007        2     400E       0
                text542                               6        6        8        C       0
                text541                             A5A      A5A        5     14B4       0
                text540                             AF9      AF9       78     15F2       0
                text539                             B71      B71       C2     16E2       0
                text523                             A5F      A5F       1D     14BE       0
                text522                             A9B      A9B       20     1536       0
                text520                             D0B      D0B      152     1A16       0
                text518                             C33      C33       D8     1866       0
                text516                             ABB      ABB       3E     1576       0
                text514                               E        E      7F2       1C       0
                maintext                            E5D      E5D      1A3     1CBA       0
                cstackBANK0                          20       20       50       20       1
                cstackCOMMON                         70       70        E       70       1
                cstackBANK1                          A0       A0       17       A0       1
                dataBANK1                            B7       B7        B       A0       1
                bssBANK1                             C2       C2        5       A0       1
                cinit                               A7C      A7C       1F     14F8       0
                strings                             800      800       89     1000       0

TOTAL           Name                               Link     Load   Length     Space
        CLASS   CONST          

        CLASS   CODE           
                end_init                              0        0        3         0
                text542                               6        6        8         0
                text541                             A5A      A5A        5         0
                text540                             AF9      AF9       78         0
                text539                             B71      B71       C2         0
                text523                             A5F      A5F       1D         0
                text522                             A9B      A9B       20         0
                text520                             D0B      D0B      152         0
                text518                             C33      C33       D8         0
                text516                             ABB      ABB       3E         0
                text514                               E        E      7F2         0
                maintext                            E5D      E5D      1A3         0
                cinit                               A7C      A7C       1F         0

        CLASS   STRCODE        

        CLASS   ENTRY          

        CLASS   STRING         
                strings                             800      800       89         0

        CLASS   BANK0          
                cstackBANK0                          20       20       50         1

        CLASS   BANK1          
                cstackBANK1                          A0       A0       17         1
                dataBANK1                            B7       B7        B         1
                bssBANK1                             C2       C2        5         1

        CLASS   BANK2          

        CLASS   BANK3          

        CLASS   RAM            

        CLASS   ABS1           
                abs_s1                               7E       7E        2         1

        CLASS   COMMON         
                cstackCOMMON                         70       70        E         1

        CLASS   SFR0           

        CLASS   SFR1           

        CLASS   SFR2           

        CLASS   SFR3           

        CLASS   CONFIG         
                config                             2007     2007        2         0

        CLASS   IDLOC          

        CLASS   EEDATA         



SEGMENTS        Name                           Load    Length   Top    Selector   Space  Class     Delta

                reset_vec                      000000  000003  000003         0       0  CODE        2
                text542                        000006  000008  00000E         C       0  CODE        2
                text514                        00000E  0007F2  000800        1C       0  CODE        2
                cstackBANK0                    000020  000050  000070        20       1  BANK0       1
                cstackCOMMON                   000070  00000E  00007E        70       1  COMMON      1
                cstackBANK1                    0000A0  000027  0000C7        A0       1  BANK1       1
                strings                        000800  000089  000889      1000       0  STRING      2
                text541                        000A5A  000005  000A5F      14B4       0  CODE        2
                text523                        000A5F  00001D  000A7C      14BE       0  CODE        2
                cinit                          000A7C  00001F  000A9B      14F8       0  CODE        2
                text522                        000A9B  000020  000ABB      1536       0  CODE        2
                text516                        000ABB  00003E  000AF9      1576       0  CODE        2
                text540                        000AF9  000078  000B71      15F2       0  CODE        2
                text539                        000B71  0000C2  000C33      16E2       0  CODE        2
                text518                        000C33  0000D8  000D0B      1866       0  CODE        2
                text520                        000D0B  000152  000E5D      1A16       0  CODE        2
                maintext                       000E5D  0001A3  001000      1CBA       0  CODE        2
                config                         002007  000002  002009      400E       0  CONFIG      2


UNUSED ADDRESS RANGES

        Name                Unused          Largest block    Delta
        BANK1            00C7-00EF             29           1
        BANK2            0110-016F             60           1
        BANK3            0190-01EF             60           1
        CODE             0003-0005              3           2
                         0889-0A59            1D1
                         1000-1FFF            800
        CONST            0003-0005              3           2
                         0889-0A59            100
                         1000-1FFF            100
        EEDATA           2100-21FF            100           2
        ENTRY            0003-0005              3           2
                         0889-0A59            100
                         1000-1FFF            100
        IDLOC            2000-2003              4           2
        RAM              00C7-00EF             29           1
                         0110-016F             60
                         0190-01EF             60
        SFR0             0000-001F             20           1
        SFR1             0080-009F             20           1
        SFR2             0100-010F             10           1
        SFR3             0180-018F             10           1
        STRCODE          0003-0005              3           2
                         0889-0A59            1D1
                         1000-1FFF           1000
        STRING           0003-0005              3           2
                         0889-0A59            100
                         1000-1FFF            100

                                  Symbol Table

??___awdiv             cstackCOMMON 007A
??___awmod             cstackCOMMON 0074
??___awtoft            cstackCOMMON 007B
??___bmul              cstackCOMMON 007A
??___ftadd             cstackBANK0  0042
??___ftge              cstackCOMMON 0076
??___ftmul             cstackBANK0  0033
??___ftneg             cstackCOMMON 0073
??___ftpack            cstackCOMMON 0075
??___ftsub             cstackCOMMON 007E
??___fttol             cstackBANK0  0024
??___lbdiv             cstackCOMMON 0076
??___lbmod             cstackCOMMON 0071
??___lldiv             cstackCOMMON 0078
??___llmod             cstackCOMMON 007D
??___lltoft            cstackCOMMON 007C
??___wmul              cstackCOMMON 0074
??__div_to_l_          cstackCOMMON 0076
??__tdiv_to_l_         cstackCOMMON 0076
??_fround              cstackCOMMON 007E
??_getch               cstackCOMMON 0070
??_lcd_clear           cstackCOMMON 0075
??_lcd_goto            cstackCOMMON 0075
??_lcd_putch           cstackCOMMON 0075
??_lcd_write           cstackCOMMON 0074
??_main                cstackBANK0  005B
??_msecbase            cstackCOMMON 0070
??_pause               cstackCOMMON 0072
??_putch               cstackCOMMON 0070
??_scale               cstackBANK0  003F
??_sprintf             cstackBANK0  0056
?___awdiv              cstackCOMMON 0076
?___awmod              cstackCOMMON 0070
?___awtoft             cstackCOMMON 0078
?___bmul               cstackCOMMON 0079
?___ftadd              cstackBANK0  003C
?___ftge               cstackCOMMON 0070
?___ftmul              cstackBANK0  002D
?___ftneg              cstackCOMMON 0070
?___ftpack             cstackCOMMON 0070
?___ftsub              cstackBANK0  0048
?___fttol              cstackBANK0  0020
?___lbdiv              cstackCOMMON 0075
?___lbmod              cstackCOMMON 0070
?___lldiv              cstackCOMMON 0070
?___llmod              cstackBANK0  0020
?___lltoft             cstackCOMMON 0078
?___wmul               cstackCOMMON 0070
?__div_to_l_           cstackCOMMON 0070
?__tdiv_to_l_          cstackCOMMON 0070
?_fround               cstackBANK0  0048
?_getch                cstackCOMMON 0070
?_lcd_clear            cstackCOMMON 0070
?_lcd_goto             cstackCOMMON 0070
?_lcd_putch            cstackCOMMON 0070
?_lcd_write            cstackCOMMON 0070
?_main                 cstackCOMMON 0070
?_msecbase             cstackCOMMON 0070
?_pause                cstackCOMMON 0070
?_putch                cstackCOMMON 0070
?_scale                cstackBANK0  003C
?_sprintf              cstackBANK0  0052
_ADCON0                (abs)        001F
_ADCON1                (abs)        009F
_ADRESH                (abs)        001E
_ADRESL                (abs)        009E
_ANSEL                 (abs)        0188
_ANSELH                (abs)        0189
_BAUDCTL               (abs)        0187
_CCP1CON               (abs)        0017
_CCP2CON               (abs)        001D
_CCPR1L                (abs)        0015
_GO_DONE               (abs)        00F9
_INTCON                (abs)        000B
_OPTION_REG            (abs)        0081
_OSCCON                (abs)        008F
_PORTA                 (abs)        0005
_PORTD                 (abs)        0008
_PR2                   (abs)        0092
_RA6                   (abs)        002E
_RA7                   (abs)        002F
_RCIF                  (abs)        0065
_RCREG                 (abs)        001A
_RCSTA                 (abs)        0018
_RE1                   (abs)        0049
_SPBRG                 (abs)        0099
_T0IF                  (abs)        005A
_T2CKPS0               (abs)        0090
_T2CKPS1               (abs)        0091
_TMR0                  (abs)        0001
_TMR2ON                (abs)        0092
_TRISA                 (abs)        0085
_TRISB                 (abs)        0086
_TRISC6                (abs)        043E
_TRISC7                (abs)        043F
_TRISD                 (abs)        0088
_TRISE                 (abs)        0089
_TXIF                  (abs)        0064
_TXREG                 (abs)        0019
_TXSTA                 (abs)        0098
__Habs1                abs1         0000
__Hbank0               bank0        0000
__Hbank1               bank1        0000
__Hbank2               bank2        0000
__Hbank3               bank3        0000
__HbssBANK1            bssBANK1     0000
__Hcinit               cinit        0000
__Hclrtext             clrtext      0000
__Hcode                code         0000
__Hcommon              common       0000
__Hconfig              config       2009
__HcstackBANK0         cstackBANK0  0000
__HcstackBANK1         cstackBANK1  0000
__HcstackCOMMON        cstackCOMMON 0000
__HdataBANK1           dataBANK1    0000
__Heeprom_data         eeprom_data  0000
__Hend_init            end_init     0003
__Hfunctab             functab      0000
__HidataBANK1          idataBANK1   0000
__Hidloc               idloc        0000
__Hinit                init         0000
__Hintentry            intentry     0000
__Hmaintext            maintext     0000
__Hpa_nodes            pa_nodes     0000
__Hpowerup             powerup      0000
__Hram                 ram          0000
__Hreset_vec           reset_vec    0000
__Hsfr0                sfr0         0000
__Hsfr1                sfr1         0000
__Hsfr2                sfr2         0000
__Hsfr3                sfr3         0000
__Hstrings             strings      0000
__Htext                text         0000
__Labs1                abs1         0000
__Lbank0               bank0        0000
__Lbank1               bank1        0000
__Lbank2               bank2        0000
__Lbank3               bank3        0000
__LbssBANK1            bssBANK1     0000
__Lcinit               cinit        0000
__Lclrtext             clrtext      0000
__Lcode                code         0000
__Lcommon              common       0000
__Lconfig              config       2007
__LcstackBANK0         cstackBANK0  0000
__LcstackBANK1         cstackBANK1  0000
__LcstackCOMMON        cstackCOMMON 0000
__LdataBANK1           dataBANK1    0000
__Leeprom_data         eeprom_data  0000
__Lend_init            end_init     0000
__Lfunctab             functab      0000
__LidataBANK1          idataBANK1   0000
__Lidloc               idloc        0000
__Linit                init         0000
__Lintentry            intentry     0000
__Lmaintext            maintext     0000
__Lpa_nodes            pa_nodes     0000
__Lpowerup             powerup      0000
__Lram                 ram          0000
__Lreset_vec           reset_vec    0000
__Lsfr0                sfr0         0000
__Lsfr1                sfr1         0000
__Lsfr2                sfr2         0000
__Lsfr3                sfr3         0000
__Lstrings             strings      0000
__Ltext                text         0000
__S0                   (abs)        2009
__S1                   (abs)        00C7
__S2                   (abs)        0000
___awdiv               text514      04C3
___awdiv@counter       cstackCOMMON 007A
___awdiv@dividend      cstackCOMMON 0078
___awdiv@divisor       cstackCOMMON 0076
___awdiv@quotient      cstackCOMMON 007C
___awdiv@sign          cstackCOMMON 007B
___awmod               text514      0508
___awmod@counter       cstackCOMMON 0074
___awmod@dividend      cstackCOMMON 0072
___awmod@divisor       cstackCOMMON 0070
___awmod@sign          cstackCOMMON 0075
___awtoft              text523      0A5F
___awtoft@c            cstackCOMMON 0078
___awtoft@sign         cstackCOMMON 007B
___bmul                text514      05B4
___bmul@multiplicand   cstackCOMMON 0079
___bmul@multiplier     cstackCOMMON 007B
___bmul@product        cstackCOMMON 007A
___ftadd               text518      0C49
___ftadd@exp1          cstackBANK0  0047
___ftadd@exp2          cstackBANK0  0046
___ftadd@f1            cstackBANK0  003C
___ftadd@f2            cstackBANK0  003F
___ftadd@sign          cstackBANK0  0045
___ftge                text514      0600
___ftge@ff1            cstackCOMMON 0070
___ftge@ff2            cstackCOMMON 0073
___ftmul               text514      0545
___ftmul@cntr          cstackBANK0  003A
___ftmul@exp           cstackBANK0  0036
___ftmul@f1            cstackBANK0  002D
___ftmul@f2            cstackBANK0  0030
___ftmul@f3_as_product cstackBANK0  0037
___ftmul@sign          cstackBANK0  003B
___ftneg               text514      07F8
___ftneg@f1            cstackCOMMON 0070
___ftpack              text514      05C2
___ftpack@arg          cstackCOMMON 0070
___ftpack@exp          cstackCOMMON 0073
___ftpack@sign         cstackCOMMON 0074
___ftsub               text518      0C33
___ftsub@f1            cstackBANK0  004B
___ftsub@f2            cstackBANK0  0048
___fttol               text514      062C
___fttol@exp1          cstackBANK0  002C
___fttol@f1            cstackBANK0  0020
___fttol@lval          cstackBANK0  0028
___fttol@sign1         cstackBANK0  0027
___lbdiv               text520      0E10
___lbdiv@counter       cstackCOMMON 0077
___lbdiv@dividend      cstackCOMMON 0076
___lbdiv@divisor       cstackCOMMON 0075
___lbdiv@quotient      cstackCOMMON 0078
___lbmod               text520      0E2B
___lbmod@counter       cstackCOMMON 0073
___lbmod@dividend      cstackCOMMON 0072
___lbmod@divisor       cstackCOMMON 0070
___lbmod@rem           cstackCOMMON 0074
___lldiv               text514      07B0
___lldiv@counter       cstackCOMMON 007C
___lldiv@dividend      cstackCOMMON 0074
___lldiv@divisor       cstackCOMMON 0070
___lldiv@quotient      cstackCOMMON 0078
___llmod               text514      0687
___llmod@counter       cstackCOMMON 007D
___llmod@dividend      cstackBANK0  0024
___llmod@divisor       cstackBANK0  0020
___lltoft              text522      0A9B
___lltoft@c            cstackCOMMON 0078
___lltoft@exp          cstackCOMMON 007C
___wmul                text514      06C5
___wmul@multiplicand   cstackCOMMON 0072
___wmul@multiplier     cstackCOMMON 0070
___wmul@product        cstackCOMMON 0074
__div_to_l_            text539      0B71
__div_to_l_@cntr       cstackBANK0  0024
__div_to_l_@exp1       cstackBANK0  0025
__div_to_l_@f1         cstackCOMMON 0070
__div_to_l_@f2         cstackCOMMON 0073
__div_to_l_@quot       cstackBANK0  0020
__end_of___awdiv       text514      0508
__end_of___awmod       text514      0545
__end_of___awtoft      text523      0A7C
__end_of___bmul        text514      05C2
__end_of___ftadd       text518      0D0B
__end_of___ftge        text514      062C
__end_of___ftmul       text514      05B4
__end_of___ftneg       text514      0800
__end_of___ftpack      text514      0600
__end_of___ftsub       text518      0C49
__end_of___fttol       text514      0687
__end_of___lbdiv       text520      0E2B
__end_of___lbmod       text520      0E47
__end_of___lldiv       text514      07F8
__end_of___llmod       text514      06C5
__end_of___lltoft      text522      0ABB
__end_of___wmul        text514      06DE
__end_of__div_to_l_    text539      0C26
__end_of__tdiv_to_l_   text540      0B71
__end_of_fround        text520      0E10
__end_of_getch         text541      0A5F
__end_of_lcd_clear     text516      0ACB
__end_of_lcd_goto      text516      0AC2
__end_of_lcd_putch     text516      0ABE
__end_of_lcd_write     text516      0ADD
__end_of_main          maintext     1000
__end_of_msecbase      text516      0AF9
__end_of_pause         text516      0AEE
__end_of_putch         text542      000E
__end_of_scale         text514      04C3
__end_of_sprintf       text514      0331
__npowers_             strings      0806
__pbssBANK1            bssBANK1     00C2
__pcstackBANK0         cstackBANK0  0020
__pcstackBANK1         cstackBANK1  00A0
__pcstackCOMMON        cstackCOMMON 0070
__pdataBANK1           dataBANK1    00B7
__pidataBANK1          idataBANK1   0000
__pmaintext            maintext     0E5D
__powers_              strings      082D
__pstrings             strings      0800
__ptext514             text514      000E
__ptext515             text516      0ABE
__ptext516             text516      0ABB
__ptext517             text516      0AC2
__ptext518             text518      0C33
__ptext519             text514      0331
__ptext520             text520      0D0B
__ptext521             text516      0ACB
__ptext522             text522      0A9B
__ptext523             text523      0A5F
__ptext524             text514      0545
__ptext525             text518      0C49
__ptext526             text516      0ADD
__ptext527             text514      0508
__ptext528             text514      07B0
__ptext529             text514      0600
__ptext530             text514      07F8
__ptext531             text514      0687
__ptext532             text514      04C3
__ptext533             text514      062C
__ptext534             text514      05C2
__ptext535             text520      0E2B
__ptext536             text520      0E10
__ptext537             text514      06C5
__ptext538             text514      05B4
__ptext539             text539      0B71
__ptext540             text540      0AF9
__ptext541             text541      0A5A
__ptext542             text542      0006
__ptext543             text516      0AEE
__ptext544             text544      0000
__size_of___awdiv      (abs)        0000
__size_of___awmod      (abs)        0000
__size_of___awtoft     (abs)        0000
__size_of___bmul       (abs)        0000
__size_of___ftadd      (abs)        0000
__size_of___ftge       (abs)        0000
__size_of___ftmul      (abs)        0000
__size_of___ftneg      (abs)        0000
__size_of___ftpack     (abs)        0000
__size_of___ftsub      (abs)        0000
__size_of___fttol      (abs)        0000
__size_of___lbdiv      (abs)        0000
__size_of___lbmod      (abs)        0000
__size_of___lldiv      (abs)        0000
__size_of___llmod      (abs)        0000
__size_of___lltoft     (abs)        0000
__size_of___wmul       (abs)        0000
__size_of__div_to_l_   (abs)        0000
__size_of__tdiv_to_l_  (abs)        0000
__size_of_fround       (abs)        0000
__size_of_getch        (abs)        0000
__size_of_lcd_clear    (abs)        0000
__size_of_lcd_goto     (abs)        0000
__size_of_lcd_putch    (abs)        0000
__size_of_lcd_write    (abs)        0000
__size_of_main         (abs)        0000
__size_of_msecbase     (abs)        0000
__size_of_pause        (abs)        0000
__size_of_putch        (abs)        0000
__size_of_scale        (abs)        0000
__size_of_sprintf      (abs)        0000
__tdiv_to_l_           text540      0AF9
__tdiv_to_l_@cntr      cstackBANK0  0024
__tdiv_to_l_@exp1      cstackBANK0  0025
__tdiv_to_l_@f1        cstackCOMMON 0070
__tdiv_to_l_@f2        cstackCOMMON 0073
__tdiv_to_l_@quot      cstackBANK0  0020
_dpowers               strings      0854
_exit                  init         0000
_fround                text520      0D0B
_fround$2833           cstackBANK0  004E
_fround$2834           cstackBANK0  004B
_getch                 text541      0A5A
_lcd_clear             text516      0AC2
_lcd_goto              text516      0ABE
_lcd_putch             text516      0ABB
_lcd_write             text516      0ACB
_main                  maintext     0E5D
_msecbase              text516      0AEE
_nin                   bssBANK1     00C5
_num                   bssBANK1     00C2
_pause                 text516      0ADD
_putch                 text542      0006
_scale                 text514      0331
_scale$2835            cstackBANK0  0043
_sprintf               text514      000E
_sprintf$1888          cstackBANK1  00A0
btemp                  (abs)        007E
end_of_initialization  cinit        0A97
fround@prec            cstackBANK0  0051
intlevel0              functab      0000
intlevel1              functab      0000
intlevel2              functab      0000
intlevel3              functab      0000
intlevel4              functab      0000
intlevel5              functab      0000
l1058                                   
l1064                                   
l1067                                   
l1070                                   
l1079                                   
l1082                                   
l1105                                   
l1111                                   
l1202                                   
l2192                                   
l2198                                   
l2228                                   
l2234                                   
l2278                                   
l2332                                   
l2345                                   
l2355                                   
l2359                                   
l2374                                   
l2413                                   
l2435                                   
l2443                                   
l2486                                   
l4591                                   
l4593                                   
l4597                                   
l4603                                   
l4611                                   
l4613                                   
l4615                                   
l4617                                   
l4619                                   
l4623                                   
l4627                                   
l4631                                   
l4639                                   
l4651                                   
l4661                                   
l4663                                   
l4665                                   
l4667                                   
l4671                                   
l4675                                   
l4677                                   
l4685                                   
l4697                                   
l4705                                   
l4707                                   
l4713                                   
l4721                                   
l4723                                   
l4729                                   
l4731                                   
l4733                                   
l4739                                   
l4743                                   
l4747                                   
l4753                                   
l4755                                   
l4759                                   
l4761                                   
l4767                                   
l4771                                   
l4773                                   
l4793                                   
l4795                                   
l4797                                   
l4799                                   
l4805                                   
l4807                                   
l4809                                   
l4811                                   
l4813                                   
l4821                                   
l4831                                   
l4837                                   
l4839                                   
l4843                                   
l4849                                   
l4853                                   
l4863                                   
l4867                                   
l4871                                   
l4875                                   
l4881                                   
l4895                                   
l4901                                   
l4909                                   
l4919                                   
l4921                                   
l4929                                   
l4931                                   
l4941                                   
l4945                                   
l4949                                   
l4955                                   
l4957                                   
l4961                                   
l4981                                   
l4985                                   
l4995                                   
l4999                                   
l5001                                   
l5003                                   
l5013                                   
l5019                                   
l5025                                   
l5027                                   
l5031                                   
l5043                                   
l5053                                   
l5059                                   
l5063                                   
l5065                                   
l5069                                   
l5071                                   
l5077                                   
l5091                                   
l5093                                   
l5095                                   
l5097                                   
l5099                                   
l5101                                   
l5103                                   
l5105                                   
l5113                                   
l5115                                   
l5117                                   
l5125                                   
l5127                                   
l5129                                   
l5133                                   
l5135                                   
l5139                                   
l5145                                   
l5155                                   
l5157                                   
l5159                                   
l5161                                   
l5163                                   
l5165                                   
l5167                                   
l5169                                   
l5173                                   
l5183                                   
l5191                                   
l5195                                   
l5231                                   
l5233                                   
l5237                                   
l5239                                   
l5241                                   
l5243                                   
l5245                                   
l5247                                   
l5249                                   
l5267                                   
l5269                                   
l5271                                   
l5275                                   
l5279                                   
l5283                                   
l5285                                   
l5287                                   
l5289                                   
l5291                                   
l5293                                   
l5299                                   
l5301                                   
l5313                                   
l5331                                   
l5333                                   
l5335                                   
l5339                                   
l5353                                   
l5369                                   
l5371                                   
l5381                                   
l5383                                   
l5389                                   
l5391                                   
l5397                                   
l5399                                   
l5415                                   
l5417                                   
l5419                                   
l5421                                   
l5423                                   
l5425                                   
l5427                                   
l5429                                   
l5431                                   
l5433                                   
l5435                                   
l5437                                   
l5439                                   
l5441                                   
l5443                                   
l5445                                   
l5447                                   
l5449                                   
l5451                                   
l5453                                   
l5455                                   
l5457                                   
l5459                                   
l5461                                   
l5463                                   
l5465                                   
l5467                                   
l5469                                   
l5471                                   
l5473                                   
l5475                                   
l5477                                   
l5479                                   
l5487                                   
l5489                                   
l5493                                   
l5501                                   
l5503                                   
l5507                                   
l5509                                   
l5513                                   
l5517                                   
l5519                                   
l5521                                   
l5523                                   
l5525                                   
l5527                                   
l5529                                   
l5531                                   
l5533                                   
l5535                                   
l5537                                   
l5539                                   
l5547                                   
l5549                                   
lcd_goto@pos           cstackCOMMON 0075
lcd_putch@c            cstackCOMMON 0075
lcd_write@c            cstackCOMMON 0074
main@F1732             dataBANK1    00B7
main@buffer            cstackBANK0  005F
main@char_recibido     cstackBANK0  006A
main@i                 cstackBANK0  006B
main@i_1825            cstackBANK0  006D
main@x                 cstackBANK0  006F
pause@msvalue          cstackCOMMON 0070
pause@x                cstackCOMMON 0072
putch@dato             cstackCOMMON 0070
reset_vec              reset_vec    0000
scale@scl              cstackBANK0  0046
sprintf@_val           cstackBANK1  00A9
sprintf@ap             cstackBANK1  00A4
sprintf@c              cstackBANK1  00B6
sprintf@exp            cstackBANK1  00B1
sprintf@f              cstackBANK0  0052
sprintf@flag           cstackBANK1  00A5
sprintf@fval           cstackBANK1  00B3
sprintf@integ          cstackBANK1  00AD
sprintf@prec           cstackBANK1  00A7
sprintf@sp             cstackBANK1  00B0
start                  init         0000
start_initialization   cinit        0A7C
u1820                                   
u2570                                   
wtemp0                 (abs)        007E
